// Jest Snapshot v1, https://goo.gl/fbAQLP

exports[`Snapshot test for PlayerDetails 1`] = `
<div class="player-details">
  <ul class="player-details__list">
    <li class="player-details__one"><span>Id: 123</span></li>
    <li class="player-details__one"><span>First name: Michael</span></li>
    <li class="player-details__one"><span>Height feet: 3</span></li>
    <li class="player-details__one"><span>Height inches: 5</span></li>
    <li class="player-details__one"><span>Last name: Jordan</span></li>
    <li class="player-details__one"><span>Position: Shooting guard</span></li>
    <li class="player-details__one"><span>Team: Chicago Bulls</span></li>
    <li class="player-details__one"><span>Weight pounds: 50</span></li>
  </ul>
</div>
`;
